// Jest Snapshot v1, https://goo.gl/fbAQLP

exports[`snapshots renders correclty 1`] = `
.c0 {
  display: -webkit-box;
  display: -webkit-flex;
  display: -ms-flexbox;
  display: flex;
  -webkit-box-pack: center;
  -webkit-justify-content: center;
  -ms-flex-pack: center;
  justify-content: center;
  background-color: #fafafa;
  color: #b4bbc1;
  padding: 1rem;
  border-bottom: .1rem solid #efefef;
}

<Menu>
  <styled.nav>
    <StyledComponent
      forwardedComponent={
        Object {
          "$$typeof": Symbol(react.forward_ref),
          "attrs": Array [
            Object {
              "className": "menu",
            },
          ],
          "componentStyle": ComponentStyle {
            "componentId": "sc-bdVaJa",
            "isStatic": true,
            "lastClassName": "c0",
            "rules": Array [
              "
  display: flex;
  justify-content: center;
  background-color: #fafafa;
  color: #b4bbc1;
  padding: 1rem;
  border-bottom: .1rem solid #efefef;
",
            ],
          },
          "displayName": "styled.nav",
          "foldedComponentIds": Array [],
          "render": [Function],
          "styledComponentId": "sc-bdVaJa",
          "target": "nav",
          "toString": [Function],
          "warnTooManyClasses": [Function],
          "withComponent": [Function],
        }
      }
      forwardedRef={null}
    >
      <nav
        className="menu c0"
      >
        VIDEO FEED
      </nav>
    </StyledComponent>
  </styled.nav>
</Menu>
`;
